<html>
<body>
<pre>
<h1>µVision Build Log</h1>
<h2>Tool Versions:</h2>
IDE-Version: ¦ÌVision V5.21.1.0
Copyright (C) 2016 ARM Ltd and ARM Germany GmbH. All rights reserved.
License Information: 1 2, 3, LIC=ZB4HL-0W1U0-UHQ8H-W13TV-AFN8U-13I4A
 
Tool Versions:
Toolchain:       MDK-ARM Plus  Version: 5.21a
Toolchain Path:  C:\Keil_v5\ARM\ARMCC\Bin
C Compiler:      Armcc.exe V5.06 update 3 (build 300)
Assembler:       Armasm.exe V5.06 update 3 (build 300)
Linker/Locator:  ArmLink.exe V5.06 update 3 (build 300)
Library Manager: ArmAr.exe V5.06 update 3 (build 300)
Hex Converter:   FromElf.exe V5.06 update 3 (build 300)
CPU DLL:         SARMCM3.DLL V5.21a
Dialog DLL:      DCM.DLL V1.13.8.0
Target DLL:      CMSIS_AGDI.dll V1.26.5.0
Dialog DLL:      TCM.DLL V1.14.14.0
 
<h2>Project:</h2>
C:\Users\Aero\Desktop\NEU_CoreBoard\trunk\NEU_CoreBoard.uvprojx
Project File Date:  04/07/2018

<h2>Output:</h2>
*** Using Compiler 'V5.06 update 3 (build 300)', folder: 'C:\Keil_v5\ARM\ARMCC\Bin'
Build target 'NEU_CoreBoard'
compiling usart2.c...
BSP\usart2.h(7): warning:  #1-D: last line of file ends without a newline
  #endif
BSP\usart2.c(74): warning:  #1-D: last line of file ends without a newline
  }
BSP\usart2.c(68): warning:  #177-D: variable "i" was declared but never referenced
  	u16 i;
BSP\usart2.c: 3 warnings, 0 errors
linking...
Program Size: Code=4372 RO-data=424 RW-data=40 ZI-data=1024  
FromELF: creating hex file...
".\Objects\NEU_CoreBoard.axf" - 0 Error(s), 3 Warning(s).

<h2>Collection of Component include folders:</h2>
  C:\Users\Aero\Desktop\NEU_CoreBoard\trunk\RTE
  C:\Keil_v5\ARM\PACK\Keil\STM32F4xx_DFP\2.11.0\Drivers\CMSIS\Device\ST\STM32F4xx\Include

<h2>Collection of Component Files used:</h2>
Build Time Elapsed:  00:00:01
</pre>
</body>
</html>
